#
# There is insufficient memory for the Java Runtime Environment to continue.
# Native memory allocation (malloc) failed to allocate 226896 bytes for Chunk::new
# Possible reasons:
#   The system is out of physical RAM or swap space
#   The process is running with CompressedOops enabled, and the Java Heap may be blocking the growth of the native heap
# Possible solutions:
#   Reduce memory load on the system
#   Increase physical memory or swap space
#   Check if swap backing store is full
#   Decrease Java heap size (-Xmx/-Xms)
#   Decrease number of Java threads
#   Decrease Java thread stack sizes (-Xss)
#   Set larger code cache with -XX:ReservedCodeCacheSize=
#   JVM is running with Unscaled Compressed Oops mode in which the Java heap is
#     placed in the first 4GB address space. The Java Heap base address is the
#     maximum limit for the native heap growth. Please use -XX:HeapBaseMinAddress
#     to set the Java Heap base and to place the Java Heap above 4GB virtual address.
# This output file may be truncated or incomplete.
#
#  Out of Memory Error (arena.cpp:168), pid=18304, tid=6812
#
# JRE version: OpenJDK Runtime Environment (21.0.1+12) (build 21.0.1+12-29)
# Java VM: OpenJDK 64-Bit Server VM (21.0.1+12-29, mixed mode, sharing, tiered, compressed oops, compressed class ptrs, g1 gc, windows-amd64)
# No core dump will be written. Minidumps are not enabled by default on client versions of Windows
#

---------------  S U M M A R Y ------------

Command Line: -Xmx64m -Xms64m -Dorg.gradle.appname=gradlew org.gradle.wrapper.GradleWrapperMain processResources

Host: AMD Ryzen 7 5825U with Radeon Graphics         , 16 cores, 13G,  Windows 11 , 64 bit Build 26100 (10.0.26100.7872)
Time: Thu Jun 18 01:06:21 2026 GMT Daylight Time elapsed time: 0.456786 seconds (0d 0h 0m 0s)

---------------  T H R E A D  ---------------

Current thread (0x000001f91d2216b0):  JavaThread "C2 CompilerThread1" daemon [_thread_in_native, id=6812, stack(0x000000e542600000,0x000000e542700000) (1024K)]


Current CompileTask:
C2:    456  479       4       java.util.HashMap::resize (356 bytes)

Stack: [0x000000e542600000,0x000000e542700000]
Native frames: (J=compiled Java code, j=interpreted, Vv=VM code, C=native code)
V  [jvm.dll+0x6c9029]
V  [jvm.dll+0x854b81]
V  [jvm.dll+0x856e5e]
V  [jvm.dll+0x857543]
V  [jvm.dll+0x280c06]
V  [jvm.dll+0xc3ead]
V  [jvm.dll+0xc43c3]
V  [jvm.dll+0x3b5732]
V  [jvm.dll+0x382475]
V  [jvm.dll+0x3818ea]
V  [jvm.dll+0x249ad0]
V  [jvm.dll+0x2490b1]
V  [jvm.dll+0x1c9ca1]
V  [jvm.dll+0x2586b9]
V  [jvm.dll+0x256c9a]
V  [jvm.dll+0x3ef1b6]
V  [jvm.dll+0x7fd728]
V  [jvm.dll+0x6c777d]
C  [ucrtbase.dll+0x37b0]
C  [KERNEL32.DLL+0x2e8d7]
C  [ntdll.dll+0x8c48c]


---------------  P R O C E S S  ---------------

Threads class SMR info:
_java_thread_list=0x000001f91d611c50, length=16, elements={
0x000001f9025196c0, 0x000001f91d1fb690, 0x000001f91d1fe100, 0x000001f91d207950,
0x000001f91d20ccb0, 0x000001f91d20b900, 0x000001f91d20abe0, 0x000001f91d21c420,
0x000001f91d223f90, 0x000001f91d224660, 0x000001f91d20b270, 0x000001f91d20bf90,
0x000001f91d2231f0, 0x000001f91d224d30, 0x000001f91d2216b0, 0x000001f91d221d80
}

Java Threads: ( => current thread )
  0x000001f9025196c0 JavaThread "main"                              [_thread_in_Java, id=26936, stack(0x000000e541100000,0x000000e541200000) (1024K)]
  0x000001f91d1fb690 JavaThread "Reference Handler"          daemon [_thread_blocked, id=24608, stack(0x000000e541900000,0x000000e541a00000) (1024K)]
  0x000001f91d1fe100 JavaThread "Finalizer"                  daemon [_thread_blocked, id=20852, stack(0x000000e541a00000,0x000000e541b00000) (1024K)]
  0x000001f91d207950 JavaThread "Signal Dispatcher"          daemon [_thread_blocked, id=3580, stack(0x000000e541b00000,0x000000e541c00000) (1024K)]
  0x000001f91d20ccb0 JavaThread "Attach Listener"            daemon [_thread_blocked, id=14760, stack(0x000000e541c00000,0x000000e541d00000) (1024K)]
  0x000001f91d20b900 JavaThread "Service Thread"             daemon [_thread_blocked, id=22032, stack(0x000000e541d00000,0x000000e541e00000) (1024K)]
  0x000001f91d20abe0 JavaThread "Monitor Deflation Thread"   daemon [_thread_blocked, id=424, stack(0x000000e541e00000,0x000000e541f00000) (1024K)]
  0x000001f91d21c420 JavaThread "C2 CompilerThread0"         daemon [_thread_in_native, id=22200, stack(0x000000e541f00000,0x000000e542000000) (1024K)]
  0x000001f91d223f90 JavaThread "C1 CompilerThread0"         daemon [_thread_blocked, id=8376, stack(0x000000e542000000,0x000000e542100000) (1024K)]
  0x000001f91d224660 JavaThread "C1 CompilerThread1"         daemon [_thread_blocked, id=17888, stack(0x000000e542100000,0x000000e542200000) (1024K)]
  0x000001f91d20b270 JavaThread "Notification Thread"        daemon [_thread_blocked, id=29028, stack(0x000000e542200000,0x000000e542300000) (1024K)]
  0x000001f91d20bf90 JavaThread "Common-Cleaner"             daemon [_thread_blocked, id=22552, stack(0x000000e542300000,0x000000e542400000) (1024K)]
  0x000001f91d2231f0 JavaThread "C1 CompilerThread2"         daemon [_thread_blocked, id=27760, stack(0x000000e542400000,0x000000e542500000) (1024K)]
  0x000001f91d224d30 JavaThread "C1 CompilerThread3"         daemon [_thread_blocked, id=10852, stack(0x000000e542500000,0x000000e542600000) (1024K)]
=>0x000001f91d2216b0 JavaThread "C2 CompilerThread1"         daemon [_thread_in_native, id=6812, stack(0x000000e542600000,0x000000e542700000) (1024K)]
  0x000001f91d221d80 JavaThread "C2 CompilerThread2"         daemon [_thread_in_native, id=2748, stack(0x000000e542700000,0x000000e542800000) (1024K)]
Total: 16

Other Threads:
  0x000001f9025db6a0 VMThread "VM Thread"                           [id=29876, stack(0x000000e541800000,0x000000e541900000) (1024K)]
  0x000001f9025c3b00 WatcherThread "VM Periodic Task Thread"        [id=4800, stack(0x000000e541700000,0x000000e541800000) (1024K)]
  0x000001f902531790 WorkerThread "GC Thread#0"                     [id=20920, stack(0x000000e541200000,0x000000e541300000) (1024K)]
  0x000001f902533f80 ConcurrentGCThread "G1 Main Marker"            [id=16136, stack(0x000000e541300000,0x000000e541400000) (1024K)]
  0x000001f902535900 WorkerThread "G1 Conc#0"                       [id=25348, stack(0x000000e541400000,0x000000e541500000) (1024K)]
  0x000001f9025b44e0 ConcurrentGCThread "G1 Refine#0"               [id=10868, stack(0x000000e541500000,0x000000e541600000) (1024K)]
  0x000001f9025b6300 ConcurrentGCThread "G1 Service"                [id=22868, stack(0x000000e541600000,0x000000e541700000) (1024K)]
Total: 7

Threads with active compile tasks:
C2 CompilerThread0      488  520 %     4       java.lang.StringLatin1::replace @ 13 (198 bytes)
C2 CompilerThread1      488  479       4       java.util.HashMap::resize (356 bytes)
C2 CompilerThread2      488  464       4       java.util.HashSet::add (20 bytes)
Total: 3

VM state: not at safepoint (normal execution)

VM Mutex/Monitor currently owned by a thread: None

Heap address: 0x00000000fc000000, size: 64 MB, Compressed Oops mode: 32-bit

CDS archive(s) mapped at: [0x000001f91e000000-0x000001f91ec90000-0x000001f91ec90000), size 13172736, SharedBaseAddress: 0x000001f91e000000, ArchiveRelocationMode: 1.
Compressed class space mapped at: 0x000001f91f000000-0x000001f95f000000, reserved size: 1073741824
Narrow klass base: 0x000001f91e000000, Narrow klass shift: 0, Narrow klass range: 0x100000000

GC Precious Log:
 CardTable entry size: 512
 Card Set container configuration: InlinePtr #cards 5 size 8 Array Of Cards #cards 12 size 40 Howl #buckets 4 coarsen threshold 1843 Howl Bitmap #cards 512 size 80 coarsen threshold 460 Card regions per heap region 1 cards per card region 2048
 CPUs: 16 total, 16 available
 Memory: 14181M
 Large Page Support: Disabled
 NUMA Support: Disabled
 Compressed Oops: Enabled (32-bit)
 Heap Region Size: 1M
 Heap Min Capacity: 64M
 Heap Initial Capacity: 64M
 Heap Max Capacity: 64M
 Pre-touch: Disabled
 Parallel Workers: 13
 Concurrent Workers: 3
 Concurrent Refinement Workers: 13
 Periodic GC: Disabled

Heap:
 garbage-first heap   total 65536K, used 13312K [0x00000000fc000000, 0x0000000100000000)
  region size 1024K, 14 young (14336K), 0 survivors (0K)
 Metaspace       used 1538K, committed 1728K, reserved 1114112K
  class space    used 142K, committed 192K, reserved 1048576K

Heap Regions: E=young(eden), S=young(survivor), O=old, HS=humongous(starts), HC=humongous(continues), CS=collection set, F=free, TAMS=top-at-mark-start, PB=parsable bottom
|   0|0x00000000fc000000, 0x00000000fc000000, 0x00000000fc100000|  0%| F|  |TAMS 0x00000000fc000000| PB 0x00000000fc000000| Untracked 
|   1|0x00000000fc100000, 0x00000000fc100000, 0x00000000fc200000|  0%| F|  |TAMS 0x00000000fc100000| PB 0x00000000fc100000| Untracked 
|   2|0x00000000fc200000, 0x00000000fc200000, 0x00000000fc300000|  0%| F|  |TAMS 0x00000000fc200000| PB 0x00000000fc200000| Untracked 
|   3|0x00000000fc300000, 0x00000000fc300000, 0x00000000fc400000|  0%| F|  |TAMS 0x00000000fc300000| PB 0x00000000fc300000| Untracked 
|   4|0x00000000fc400000, 0x00000000fc400000, 0x00000000fc500000|  0%| F|  |TAMS 0x00000000fc400000| PB 0x00000000fc400000| Untracked 
|   5|0x00000000fc500000, 0x00000000fc500000, 0x00000000fc600000|  0%| F|  |TAMS 0x00000000fc500000| PB 0x00000000fc500000| Untracked 
|   6|0x00000000fc600000, 0x00000000fc600000, 0x00000000fc700000|  0%| F|  |TAMS 0x00000000fc600000| PB 0x00000000fc600000| Untracked 
|   7|0x00000000fc700000, 0x00000000fc700000, 0x00000000fc800000|  0%| F|  |TAMS 0x00000000fc700000| PB 0x00000000fc700000| Untracked 
|   8|0x00000000fc800000, 0x00000000fc800000, 0x00000000fc900000|  0%| F|  |TAMS 0x00000000fc800000| PB 0x00000000fc800000| Untracked 
|   9|0x00000000fc900000, 0x00000000fc900000, 0x00000000fca00000|  0%| F|  |TAMS 0x00000000fc900000| PB 0x00000000fc900000| Untracked 
|  10|0x00000000fca00000, 0x00000000fca00000, 0x00000000fcb00000|  0%| F|  |TAMS 0x00000000fca00000| PB 0x00000000fca00000| Untracked 
|  11|0x00000000fcb00000, 0x00000000fcb00000, 0x00000000fcc00000|  0%| F|  |TAMS 0x00000000fcb00000| PB 0x00000000fcb00000| Untracked 
|  12|0x00000000fcc00000, 0x00000000fcc00000, 0x00000000fcd00000|  0%| F|  |TAMS 0x00000000fcc00000| PB 0x00000000fcc00000| Untracked 
|  13|0x00000000fcd00000, 0x00000000fcd00000, 0x00000000fce00000|  0%| F|  |TAMS 0x00000000fcd00000| PB 0x00000000fcd00000| Untracked 
|  14|0x00000000fce00000, 0x00000000fce00000, 0x00000000fcf00000|  0%| F|  |TAMS 0x00000000fce00000| PB 0x00000000fce00000| Untracked 
|  15|0x00000000fcf00000, 0x00000000fcf00000, 0x00000000fd000000|  0%| F|  |TAMS 0x00000000fcf00000| PB 0x00000000fcf00000| Untracked 
|  16|0x00000000fd000000, 0x00000000fd000000, 0x00000000fd100000|  0%| F|  |TAMS 0x00000000fd000000| PB 0x00000000fd000000| Untracked 
|  17|0x00000000fd100000, 0x00000000fd100000, 0x00000000fd200000|  0%| F|  |TAMS 0x00000000fd100000| PB 0x00000000fd100000| Untracked 
|  18|0x00000000fd200000, 0x00000000fd200000, 0x00000000fd300000|  0%| F|  |TAMS 0x00000000fd200000| PB 0x00000000fd200000| Untracked 
|  19|0x00000000fd300000, 0x00000000fd300000, 0x00000000fd400000|  0%| F|  |TAMS 0x00000000fd300000| PB 0x00000000fd300000| Untracked 
|  20|0x00000000fd400000, 0x00000000fd400000, 0x00000000fd500000|  0%| F|  |TAMS 0x00000000fd400000| PB 0x00000000fd400000| Untracked 
|  21|0x00000000fd500000, 0x00000000fd500000, 0x00000000fd600000|  0%| F|  |TAMS 0x00000000fd500000| PB 0x00000000fd500000| Untracked 
|  22|0x00000000fd600000, 0x00000000fd600000, 0x00000000fd700000|  0%| F|  |TAMS 0x00000000fd600000| PB 0x00000000fd600000| Untracked 
|  23|0x00000000fd700000, 0x00000000fd700000, 0x00000000fd800000|  0%| F|  |TAMS 0x00000000fd700000| PB 0x00000000fd700000| Untracked 
|  24|0x00000000fd800000, 0x00000000fd800000, 0x00000000fd900000|  0%| F|  |TAMS 0x00000000fd800000| PB 0x00000000fd800000| Untracked 
|  25|0x00000000fd900000, 0x00000000fd900000, 0x00000000fda00000|  0%| F|  |TAMS 0x00000000fd900000| PB 0x00000000fd900000| Untracked 
|  26|0x00000000fda00000, 0x00000000fda00000, 0x00000000fdb00000|  0%| F|  |TAMS 0x00000000fda00000| PB 0x00000000fda00000| Untracked 
|  27|0x00000000fdb00000, 0x00000000fdb00000, 0x00000000fdc00000|  0%| F|  |TAMS 0x00000000fdb00000| PB 0x00000000fdb00000| Untracked 
|  28|0x00000000fdc00000, 0x00000000fdc00000, 0x00000000fdd00000|  0%| F|  |TAMS 0x00000000fdc00000| PB 0x00000000fdc00000| Untracked 
|  29|0x00000000fdd00000, 0x00000000fdd00000, 0x00000000fde00000|  0%| F|  |TAMS 0x00000000fdd00000| PB 0x00000000fdd00000| Untracked 
|  30|0x00000000fde00000, 0x00000000fde00000, 0x00000000fdf00000|  0%| F|  |TAMS 0x00000000fde00000| PB 0x00000000fde00000| Untracked 
|  31|0x00000000fdf00000, 0x00000000fdf00000, 0x00000000fe000000|  0%| F|  |TAMS 0x00000000fdf00000| PB 0x00000000fdf00000| Untracked 
|  32|0x00000000fe000000, 0x00000000fe000000, 0x00000000fe100000|  0%| F|  |TAMS 0x00000000fe000000| PB 0x00000000fe000000| Untracked 
|  33|0x00000000fe100000, 0x00000000fe100000, 0x00000000fe200000|  0%| F|  |TAMS 0x00000000fe100000| PB 0x00000000fe100000| Untracked 
|  34|0x00000000fe200000, 0x00000000fe200000, 0x00000000fe300000|  0%| F|  |TAMS 0x00000000fe200000| PB 0x00000000fe200000| Untracked 
|  35|0x00000000fe300000, 0x00000000fe300000, 0x00000000fe400000|  0%| F|  |TAMS 0x00000000fe300000| PB 0x00000000fe300000| Untracked 
|  36|0x00000000fe400000, 0x00000000fe400000, 0x00000000fe500000|  0%| F|  |TAMS 0x00000000fe400000| PB 0x00000000fe400000| Untracked 
|  37|0x00000000fe500000, 0x00000000fe500000, 0x00000000fe600000|  0%| F|  |TAMS 0x00000000fe500000| PB 0x00000000fe500000| Untracked 
|  38|0x00000000fe600000, 0x00000000fe600000, 0x00000000fe700000|  0%| F|  |TAMS 0x00000000fe600000| PB 0x00000000fe600000| Untracked 
|  39|0x00000000fe700000, 0x00000000fe700000, 0x00000000fe800000|  0%| F|  |TAMS 0x00000000fe700000| PB 0x00000000fe700000| Untracked 
|  40|0x00000000fe800000, 0x00000000fe800000, 0x00000000fe900000|  0%| F|  |TAMS 0x00000000fe800000| PB 0x00000000fe800000| Untracked 
|  41|0x00000000fe900000, 0x00000000fe900000, 0x00000000fea00000|  0%| F|  |TAMS 0x00000000fe900000| PB 0x00000000fe900000| Untracked 
|  42|0x00000000fea00000, 0x00000000fea00000, 0x00000000feb00000|  0%| F|  |TAMS 0x00000000fea00000| PB 0x00000000fea00000| Untracked 
|  43|0x00000000feb00000, 0x00000000feb00000, 0x00000000fec00000|  0%| F|  |TAMS 0x00000000feb00000| PB 0x00000000feb00000| Untracked 
|  44|0x00000000fec00000, 0x00000000fec00000, 0x00000000fed00000|  0%| F|  |TAMS 0x00000000fec00000| PB 0x00000000fec00000| Untracked 
|  45|0x00000000fed00000, 0x00000000fed00000, 0x00000000fee00000|  0%| F|  |TAMS 0x00000000fed00000| PB 0x00000000fed00000| Untracked 
|  46|0x00000000fee00000, 0x00000000fee00000, 0x00000000fef00000|  0%| F|  |TAMS 0x00000000fee00000| PB 0x00000000fee00000| Untracked 
|  47|0x00000000fef00000, 0x00000000fef00000, 0x00000000ff000000|  0%| F|  |TAMS 0x00000000fef00000| PB 0x00000000fef00000| Untracked 
|  48|0x00000000ff000000, 0x00000000ff000000, 0x00000000ff100000|  0%| F|  |TAMS 0x00000000ff000000| PB 0x00000000ff000000| Untracked 
|  49|0x00000000ff100000, 0x00000000ff100000, 0x00000000ff200000|  0%| F|  |TAMS 0x00000000ff100000| PB 0x00000000ff100000| Untracked 
|  50|0x00000000ff200000, 0x00000000ff21e908, 0x00000000ff300000| 11%| E|  |TAMS 0x00000000ff200000| PB 0x00000000ff200000| Complete 
|  51|0x00000000ff300000, 0x00000000ff400000, 0x00000000ff400000|100%| E|CS|TAMS 0x00000000ff300000| PB 0x00000000ff300000| Complete 
|  52|0x00000000ff400000, 0x00000000ff500000, 0x00000000ff500000|100%| E|CS|TAMS 0x00000000ff400000| PB 0x00000000ff400000| Complete 
|  53|0x00000000ff500000, 0x00000000ff600000, 0x00000000ff600000|100%| E|CS|TAMS 0x00000000ff500000| PB 0x00000000ff500000| Complete 
|  54|0x00000000ff600000, 0x00000000ff700000, 0x00000000ff700000|100%| E|CS|TAMS 0x00000000ff600000| PB 0x00000000ff600000| Complete 
|  55|0x00000000ff700000, 0x00000000ff800000, 0x00000000ff800000|100%| E|CS|TAMS 0x00000000ff700000| PB 0x00000000ff700000| Complete 
|  56|0x00000000ff800000, 0x00000000ff900000, 0x00000000ff900000|100%| E|CS|TAMS 0x00000000ff800000| PB 0x00000000ff800000| Complete 
|  57|0x00000000ff900000, 0x00000000ffa00000, 0x00000000ffa00000|100%| E|CS|TAMS 0x00000000ff900000| PB 0x00000000ff900000| Complete 
|  58|0x00000000ffa00000, 0x00000000ffb00000, 0x00000000ffb00000|100%| E|CS|TAMS 0x00000000ffa00000| PB 0x00000000ffa00000| Complete 
|  59|0x00000000ffb00000, 0x00000000ffc00000, 0x00000000ffc00000|100%| E|CS|TAMS 0x00000000ffb00000| PB 0x00000000ffb00000| Complete 
|  60|0x00000000ffc00000, 0x00000000ffd00000, 0x00000000ffd00000|100%| E|CS|TAMS 0x00000000ffc00000| PB 0x00000000ffc00000| Complete 
|  61|0x00000000ffd00000, 0x00000000ffe00000, 0x00000000ffe00000|100%| E|CS|TAMS 0x00000000ffd00000| PB 0x00000000ffd00000| Complete 
|  62|0x00000000ffe00000, 0x00000000fff00000, 0x00000000fff00000|100%| E|CS|TAMS 0x00000000ffe00000| PB 0x00000000ffe00000| Complete 
|  63|0x00000000fff00000, 0x0000000100000000, 0x0000000100000000|100%| E|CS|TAMS 0x00000000fff00000| PB 0x00000000fff00000| Complete 

Card table byte_map: [0x000001f902440000,0x000001f902460000] _byte_map_base: 0x000001f901c60000

Marking Bits: (CMBitMap*) 0x000001f902531e90
 Bits: [0x000001f91a1f0000, 0x000001f91a2f0000)

Polling page: 0x000001f900490000

Metaspace:

Usage:
  Non-class:      1.37 MB used.
      Class:    142.75 KB used.
       Both:      1.51 MB used.

Virtual space:
  Non-class space:       64.00 MB reserved,       1.50 MB (  2%) committed,  1 nodes.
      Class space:        1.00 GB reserved,     192.00 KB ( <1%) committed,  1 nodes.
             Both:        1.06 GB reserved,       1.69 MB ( <1%) committed. 

Chunk freelists:
   Non-Class:  11.73 MB
       Class:  15.69 MB
        Both:  27.42 MB

MaxMetaspaceSize: unlimited
CompressedClassSpaceSize: 1.00 GB
Initial GC threshold: 21.00 MB
Current GC threshold: 21.00 MB
CDS: on
 - commit_granule_bytes: 65536.
 - commit_granule_words: 8192.
 - virtual_space_node_default_size: 8388608.
 - enlarge_chunks_in_place: 1.
 - use_allocation_guard: 0.


Internal statistics:

num_allocs_failed_limit: 0.
num_arena_births: 22.
num_arena_deaths: 0.
num_vsnodes_births: 2.
num_vsnodes_deaths: 0.
num_space_committed: 27.
num_space_uncommitted: 0.
num_chunks_returned_to_freelist: 0.
num_chunks_taken_from_freelist: 43.
num_chunk_merges: 0.
num_chunk_splits: 25.
num_chunks_enlarged: 19.
num_inconsistent_stats: 0.

CodeHeap 'non-profiled nmethods': size=119168Kb used=162Kb max_used=162Kb free=119005Kb
 bounds [0x000001f912500000, 0x000001f912770000, 0x000001f919960000]
CodeHeap 'profiled nmethods': size=119104Kb used=911Kb max_used=911Kb free=118192Kb
 bounds [0x000001f90a960000, 0x000001f90abd0000, 0x000001f911db0000]
CodeHeap 'non-nmethods': size=7488Kb used=2998Kb max_used=3017Kb free=4489Kb
 bounds [0x000001f911db0000, 0x000001f9120b0000, 0x000001f912500000]
 total_blobs=953 nmethods=528 adapters=327
 compilation: enabled
              stopped_count=0, restarted_count=0
 full_count=0

Compilation events (20 events):
Event: 0.437 Thread 0x000001f91d224660 nmethod 474 0x000001f91251ef90 code [0x000001f91251f120, 0x000001f91251f1e8]
Event: 0.437 Thread 0x000001f91d223f90  475       3       org.gradle.internal.classpath.DefaultClassPath::isEmpty (8 bytes)
Event: 0.437 Thread 0x000001f91d223f90 nmethod 475 0x000001f90aa22e90 code [0x000001f90aa23040, 0x000001f90aa232b0]
Event: 0.437 Thread 0x000001f91d223f90  476       1       org.gradle.internal.classpath.DefaultClassPath::getAsFiles (5 bytes)
Event: 0.437 Thread 0x000001f91d221d80  463       4       java.util.HashMap::put (13 bytes)
Event: 0.437 Thread 0x000001f91d224660  478       3       java.util.AbstractList$Itr::<init> (31 bytes)
Event: 0.437 Thread 0x000001f91d2231f0  477       3       java.util.AbstractList::iterator (9 bytes)
Event: 0.437 Thread 0x000001f91d223f90 nmethod 476 0x000001f91251f290 code [0x000001f91251f420, 0x000001f91251f4e8]
Event: 0.438 Thread 0x000001f91d224660 nmethod 478 0x000001f90aa23390 code [0x000001f90aa23540, 0x000001f90aa23720]
Event: 0.438 Thread 0x000001f91d2231f0 nmethod 477 0x000001f90aa23810 code [0x000001f90aa239c0, 0x000001f90aa23c58]
Event: 0.443 Thread 0x000001f91d2216b0 nmethod 449% 0x000001f91251f590 code [0x000001f91251f740, 0x000001f91251fcd8]
Event: 0.443 Thread 0x000001f91d2216b0  479       4       java.util.HashMap::resize (356 bytes)
Event: 0.444 Thread 0x000001f91d21c420 nmethod 462 0x000001f91251ff90 code [0x000001f9125201c0, 0x000001f912520b68]
Event: 0.444 Thread 0x000001f91d21c420  480       4       java.lang.StringLatin1::toLowerCase (186 bytes)
Event: 0.448 Thread 0x000001f91d221d80 nmethod 463 0x000001f912521190 code [0x000001f9125213c0, 0x000001f912521ce8]
Event: 0.449 Thread 0x000001f91d221d80  464       4       java.util.HashSet::add (20 bytes)
Event: 0.453 Thread 0x000001f91d21c420 nmethod 480 0x000001f912522310 code [0x000001f9125224e0, 0x000001f912522a90]
Event: 0.453 Thread 0x000001f91d21c420  469       4       java.util.AbstractList$Itr::hasNext (20 bytes)
Event: 0.453 Thread 0x000001f91d21c420 nmethod 469 0x000001f912522e90 code [0x000001f912523020, 0x000001f9125230f8]
Event: 0.453 Thread 0x000001f91d21c420  466       4       java.io.File::hashCode (8 bytes)

GC Heap History (0 events):
No events

Dll operation events (6 events):
Event: 0.012 Loaded shared library C:\Users\izzel\.jdks\openjdk-21.0.1\bin\java.dll
Event: 0.047 Loaded shared library C:\Users\izzel\.jdks\openjdk-21.0.1\bin\jsvml.dll
Event: 0.067 Loaded shared library C:\Users\izzel\.jdks\openjdk-21.0.1\bin\net.dll
Event: 0.069 Loaded shared library C:\Users\izzel\.jdks\openjdk-21.0.1\bin\nio.dll
Event: 0.075 Loaded shared library C:\Users\izzel\.jdks\openjdk-21.0.1\bin\zip.dll
Event: 0.078 Loaded shared library C:\Users\izzel\.jdks\openjdk-21.0.1\bin\verify.dll

Deoptimization events (20 events):
Event: 0.452 Thread 0x000001f9025196c0 DEOPT PACKING pc=0x000001f90a9e3142 sp=0x000000e5411fe820
Event: 0.452 Thread 0x000001f9025196c0 DEOPT UNPACKING pc=0x000001f911e04e42 sp=0x000000e5411fdce0 mode 0
Event: 0.452 Thread 0x000001f9025196c0 DEOPT PACKING pc=0x000001f90a9e3142 sp=0x000000e5411fe820
Event: 0.452 Thread 0x000001f9025196c0 DEOPT UNPACKING pc=0x000001f911e04e42 sp=0x000000e5411fdce0 mode 0
Event: 0.452 Thread 0x000001f9025196c0 DEOPT PACKING pc=0x000001f90a9e3142 sp=0x000000e5411fe820
Event: 0.452 Thread 0x000001f9025196c0 DEOPT UNPACKING pc=0x000001f911e04e42 sp=0x000000e5411fdce0 mode 0
Event: 0.452 Thread 0x000001f9025196c0 DEOPT PACKING pc=0x000001f90a9e3142 sp=0x000000e5411fe820
Event: 0.452 Thread 0x000001f9025196c0 DEOPT UNPACKING pc=0x000001f911e04e42 sp=0x000000e5411fdce0 mode 0
Event: 0.452 Thread 0x000001f9025196c0 DEOPT PACKING pc=0x000001f90a9e3142 sp=0x000000e5411fe820
Event: 0.452 Thread 0x000001f9025196c0 DEOPT UNPACKING pc=0x000001f911e04e42 sp=0x000000e5411fdce0 mode 0
Event: 0.452 Thread 0x000001f9025196c0 DEOPT PACKING pc=0x000001f90a9e3142 sp=0x000000e5411fe820
Event: 0.452 Thread 0x000001f9025196c0 DEOPT UNPACKING pc=0x000001f911e04e42 sp=0x000000e5411fdce0 mode 0
Event: 0.452 Thread 0x000001f9025196c0 DEOPT PACKING pc=0x000001f90a9e3142 sp=0x000000e5411fe820
Event: 0.452 Thread 0x000001f9025196c0 DEOPT UNPACKING pc=0x000001f911e04e42 sp=0x000000e5411fdce0 mode 0
Event: 0.453 Thread 0x000001f9025196c0 DEOPT PACKING pc=0x000001f90a9e3142 sp=0x000000e5411fe820
Event: 0.453 Thread 0x000001f9025196c0 DEOPT UNPACKING pc=0x000001f911e04e42 sp=0x000000e5411fdce0 mode 0
Event: 0.453 Thread 0x000001f9025196c0 DEOPT PACKING pc=0x000001f90a9e3142 sp=0x000000e5411fe820
Event: 0.453 Thread 0x000001f9025196c0 DEOPT UNPACKING pc=0x000001f911e04e42 sp=0x000000e5411fdce0 mode 0
Event: 0.453 Thread 0x000001f9025196c0 DEOPT PACKING pc=0x000001f90a9e3142 sp=0x000000e5411fe820
Event: 0.453 Thread 0x000001f9025196c0 DEOPT UNPACKING pc=0x000001f911e04e42 sp=0x000000e5411fdce0 mode 0

Classes loaded (20 events):
Event: 0.215 Loading class sun/net/www/MessageHeader
Event: 0.215 Loading class sun/net/www/MessageHeader done
Event: 0.216 Loading class java/io/FilePermission$1
Event: 0.216 Loading class jdk/internal/access/JavaIOFilePermissionAccess
Event: 0.216 Loading class jdk/internal/access/JavaIOFilePermissionAccess done
Event: 0.216 Loading class java/io/FilePermission$1 done
Event: 0.216 Loading class java/io/FilePermissionCollection
Event: 0.216 Loading class java/io/FilePermissionCollection done
Event: 0.216 Loading class java/util/Vector
Event: 0.216 Loading class java/util/Vector done
Event: 0.238 Loading class java/net/MalformedURLException
Event: 0.238 Loading class java/net/MalformedURLException done
Event: 0.240 Loading class java/io/FileFilter
Event: 0.240 Loading class java/io/FileFilter done
Event: 0.346 Loading class java/lang/IndexOutOfBoundsException
Event: 0.346 Loading class java/lang/IndexOutOfBoundsException done
Event: 0.347 Loading class java/lang/invoke/DirectMethodHandle$Special
Event: 0.347 Loading class java/lang/invoke/DirectMethodHandle$Special done
Event: 0.353 Loading class java/util/AbstractList$Itr
Event: 0.353 Loading class java/util/AbstractList$Itr done

Classes unloaded (0 events):
No events

Classes redefined (0 events):
No events

Internal exceptions (2 events):
Event: 0.218 Thread 0x000001f9025196c0 Exception <a 'java/lang/NoSuchMethodError'{0x00000000ffb57740}: 'void java.lang.invoke.DirectMethodHandle$Holder.invokeStatic(java.lang.Object, java.lang.Object)'> (0x00000000ffb57740) 
thrown [s\open\src\hotspot\share\interpreter\linkResolver.cpp, line 773]
Event: 0.218 Thread 0x000001f9025196c0 Exception <a 'java/lang/NoSuchMethodError'{0x00000000ffb5b2c0}: 'void java.lang.invoke.DirectMethodHandle$Holder.invokeSpecial(java.lang.Object, java.lang.Object, java.lang.Object)'> (0x00000000ffb5b2c0) 
thrown [s\open\src\hotspot\share\interpreter\linkResolver.cpp, line 773]

ZGC Phase Switch (0 events):
No events

VM Operations (2 events):
Event: 0.076 Executing VM operation: HandshakeAllThreads (Deoptimize)
Event: 0.076 Executing VM operation: HandshakeAllThreads (Deoptimize) done

Events (16 events):
Event: 0.030 Thread 0x000001f9025196c0 Thread added: 0x000001f9025196c0
Event: 0.045 Thread 0x000001f91d1fb690 Thread added: 0x000001f91d1fb690
Event: 0.045 Thread 0x000001f91d1fe100 Thread added: 0x000001f91d1fe100
Event: 0.045 Thread 0x000001f91d207950 Thread added: 0x000001f91d207950
Event: 0.045 Thread 0x000001f91d20ccb0 Thread added: 0x000001f91d20ccb0
Event: 0.046 Thread 0x000001f91d20b900 Thread added: 0x000001f91d20b900
Event: 0.046 Thread 0x000001f91d20abe0 Thread added: 0x000001f91d20abe0
Event: 0.046 Thread 0x000001f91d21c420 Thread added: 0x000001f91d21c420
Event: 0.046 Thread 0x000001f91d223f90 Thread added: 0x000001f91d223f90
Event: 0.059 Thread 0x000001f91d224660 Thread added: 0x000001f91d224660
Event: 0.062 Thread 0x000001f91d20b270 Thread added: 0x000001f91d20b270
Event: 0.064 Thread 0x000001f91d20bf90 Thread added: 0x000001f91d20bf90
Event: 0.200 Thread 0x000001f91d2231f0 Thread added: 0x000001f91d2231f0
Event: 0.200 Thread 0x000001f91d224d30 Thread added: 0x000001f91d224d30
Event: 0.434 Thread 0x000001f91d2216b0 Thread added: 0x000001f91d2216b0
Event: 0.437 Thread 0x000001f91d221d80 Thread added: 0x000001f91d221d80


Dynamic libraries:
0x00007ff6be4d0000 - 0x00007ff6be4de000 	C:\Users\izzel\.jdks\openjdk-21.0.1\bin\java.exe
0x00007ffa10a20000 - 0x00007ffa10c87000 	C:\WINDOWS\SYSTEM32\ntdll.dll
0x00007ffa0fc70000 - 0x00007ffa0fd39000 	C:\WINDOWS\System32\KERNEL32.DLL
0x00007ffa0d740000 - 0x00007ffa0db34000 	C:\WINDOWS\System32\KERNELBASE.dll
0x00007ffa0dbd0000 - 0x00007ffa0dd1b000 	C:\WINDOWS\System32\ucrtbase.dll
0x00007ffa032d0000 - 0x00007ffa032e8000 	C:\Users\izzel\.jdks\openjdk-21.0.1\bin\jli.dll
0x00007ff9ff4e0000 - 0x00007ff9ff4fb000 	C:\Users\izzel\.jdks\openjdk-21.0.1\bin\VCRUNTIME140.dll
0x00007ffa0f080000 - 0x00007ffa0f247000 	C:\WINDOWS\System32\USER32.dll
0x00007ffa0d660000 - 0x00007ffa0d687000 	C:\WINDOWS\System32\win32u.dll
0x00007ff9f43d0000 - 0x00007ff9f4663000 	C:\WINDOWS\WinSxS\amd64_microsoft.windows.common-controls_6595b64144ccf1df_6.0.26100.7859_none_3e0affa8e332208c\COMCTL32.dll
0x00007ffa0f040000 - 0x00007ffa0f06b000 	C:\WINDOWS\System32\GDI32.dll
0x00007ffa0fbc0000 - 0x00007ffa0fc69000 	C:\WINDOWS\System32\msvcrt.dll
0x00007ffa0d300000 - 0x00007ffa0d42a000 	C:\WINDOWS\System32\gdi32full.dll
0x00007ffa0d430000 - 0x00007ffa0d4d3000 	C:\WINDOWS\System32\msvcp_win.dll
0x00007ffa0ea90000 - 0x00007ffa0eac2000 	C:\WINDOWS\System32\IMM32.DLL
0x00007ff9ff2e0000 - 0x00007ff9ff2ec000 	C:\Users\izzel\.jdks\openjdk-21.0.1\bin\vcruntime140_1.dll
0x00007ff9f1f80000 - 0x00007ff9f200e000 	C:\Users\izzel\.jdks\openjdk-21.0.1\bin\msvcp140.dll
0x00007ff97e130000 - 0x00007ff97ee45000 	C:\Users\izzel\.jdks\openjdk-21.0.1\bin\server\jvm.dll
0x00007ffa100e0000 - 0x00007ffa1019b000 	C:\WINDOWS\System32\ADVAPI32.dll
0x00007ffa0e9e0000 - 0x00007ffa0ea87000 	C:\WINDOWS\System32\sechost.dll
0x00007ffa0f250000 - 0x00007ffa0f368000 	C:\WINDOWS\System32\RPCRT4.dll
0x00007ffa0fea0000 - 0x00007ffa0ff14000 	C:\WINDOWS\System32\WS2_32.dll
0x00007ffa0d160000 - 0x00007ffa0d1be000 	C:\WINDOWS\SYSTEM32\POWRPROF.dll
0x00007ffa05d40000 - 0x00007ffa05d4b000 	C:\WINDOWS\SYSTEM32\VERSION.dll
0x00007ffa0b290000 - 0x00007ffa0b2c5000 	C:\WINDOWS\SYSTEM32\WINMM.dll
0x00007ffa0d140000 - 0x00007ffa0d154000 	C:\WINDOWS\SYSTEM32\UMPDC.dll
0x00007ffa0c080000 - 0x00007ffa0c09b000 	C:\WINDOWS\SYSTEM32\kernel.appcore.dll
0x00007ff9ff270000 - 0x00007ff9ff27a000 	C:\Users\izzel\.jdks\openjdk-21.0.1\bin\jimage.dll
0x00007ffa0b010000 - 0x00007ffa0b252000 	C:\WINDOWS\SYSTEM32\DBGHELP.DLL
0x00007ffa0ecb0000 - 0x00007ffa0f032000 	C:\WINDOWS\System32\combase.dll
0x00007ffa0f370000 - 0x00007ffa0f447000 	C:\WINDOWS\System32\OLEAUT32.dll
0x00007ffa0afd0000 - 0x00007ffa0b00b000 	C:\WINDOWS\SYSTEM32\dbgcore.DLL
0x00007ffa0d690000 - 0x00007ffa0d735000 	C:\WINDOWS\System32\bcryptPrimitives.dll
0x00007ff9fedb0000 - 0x00007ff9fedcf000 	C:\Users\izzel\.jdks\openjdk-21.0.1\bin\java.dll
0x00007ffa101f0000 - 0x00007ffa1094f000 	C:\WINDOWS\System32\SHELL32.dll
0x00007ffa0e650000 - 0x00007ffa0e7ba000 	C:\WINDOWS\System32\wintypes.dll
0x00007ffa0dd20000 - 0x00007ffa0e584000 	C:\WINDOWS\System32\windows.storage.dll
0x00007ffa0ff50000 - 0x00007ffa10048000 	C:\WINDOWS\System32\SHCORE.dll
0x00007ffa10960000 - 0x00007ffa109c7000 	C:\WINDOWS\System32\shlwapi.dll
0x00007ffa0d220000 - 0x00007ffa0d249000 	C:\WINDOWS\SYSTEM32\profapi.dll
0x00007ff9ecf80000 - 0x00007ff9ed057000 	C:\Users\izzel\.jdks\openjdk-21.0.1\bin\jsvml.dll
0x00007ff9feb10000 - 0x00007ff9feb20000 	C:\Users\izzel\.jdks\openjdk-21.0.1\bin\net.dll
0x00007ffa06160000 - 0x00007ffa06287000 	C:\WINDOWS\SYSTEM32\WINHTTP.dll
0x00007ffa0c5f0000 - 0x00007ffa0c65b000 	C:\WINDOWS\system32\mswsock.dll
0x00007ff9fe600000 - 0x00007ff9fe616000 	C:\Users\izzel\.jdks\openjdk-21.0.1\bin\nio.dll
0x00007ff9fe620000 - 0x00007ff9fe638000 	C:\Users\izzel\.jdks\openjdk-21.0.1\bin\zip.dll
0x00007ff9fe9d0000 - 0x00007ff9fe9e0000 	C:\Users\izzel\.jdks\openjdk-21.0.1\bin\verify.dll

dbghelp: loaded successfully - version: 4.0.5 - missing functions: none
symbol engine: initialized successfully - sym options: 0x614 - pdb path: .;C:\Users\izzel\.jdks\openjdk-21.0.1\bin;C:\WINDOWS\SYSTEM32;C:\WINDOWS\WinSxS\amd64_microsoft.windows.common-controls_6595b64144ccf1df_6.0.26100.7859_none_3e0affa8e332208c;C:\Users\izzel\.jdks\openjdk-21.0.1\bin\server

VM Arguments:
jvm_args: -Xmx64m -Xms64m -Dorg.gradle.appname=gradlew 
java_command: org.gradle.wrapper.GradleWrapperMain processResources
java_class_path (initial): C:\Users\izzel\IdeaProjects\ArcanaEx\\gradle\wrapper\gradle-wrapper.jar
Launcher Type: SUN_STANDARD

[Global flags]
     intx CICompilerCount                          = 12                                        {product} {ergonomic}
     uint ConcGCThreads                            = 3                                         {product} {ergonomic}
     uint G1ConcRefinementThreads                  = 13                                        {product} {ergonomic}
   size_t G1HeapRegionSize                         = 1048576                                   {product} {ergonomic}
    uintx GCDrainStackTargetSize                   = 64                                        {product} {ergonomic}
   size_t InitialHeapSize                          = 67108864                                  {product} {command line}
   size_t MarkStackSize                            = 4194304                                   {product} {ergonomic}
   size_t MaxHeapSize                              = 67108864                                  {product} {command line}
   size_t MaxNewSize                               = 39845888                                  {product} {ergonomic}
   size_t MinHeapDeltaBytes                        = 1048576                                   {product} {ergonomic}
   size_t MinHeapSize                              = 67108864                                  {product} {command line}
    uintx NonNMethodCodeHeapSize                   = 7602480                                {pd product} {ergonomic}
    uintx NonProfiledCodeHeapSize                  = 122027880                              {pd product} {ergonomic}
    uintx ProfiledCodeHeapSize                     = 122027880                              {pd product} {ergonomic}
    uintx ReservedCodeCacheSize                    = 251658240                              {pd product} {ergonomic}
     bool SegmentedCodeCache                       = true                                      {product} {ergonomic}
   size_t SoftMaxHeapSize                          = 67108864                               {manageable} {ergonomic}
     bool UseCompressedOops                        = true                           {product lp64_product} {ergonomic}
     bool UseG1GC                                  = true                                      {product} {ergonomic}
     bool UseLargePagesIndividualAllocation        = false                                  {pd product} {ergonomic}

Logging:
Log output configuration:
 #0: stdout all=warning uptime,level,tags foldmultilines=false
 #1: stderr all=off uptime,level,tags foldmultilines=false

Environment Variables:
JAVA_HOME=C:\Users\izzel\.jdks\openjdk-21.0.1
CLASSPATH=C:\Users\izzel\IdeaProjects\ArcanaEx\\gradle\wrapper\gradle-wrapper.jar
PATH=c:\devkitPro\msys2\usr\bin;C:\Program Files\Eclipse Adoptium\jdk-17.0.4.8-hotspot\bin;C:\WINDOWS\system32;C:\WINDOWS;C:\WINDOWS\System32\Wbem;C:\WINDOWS\System32\WindowsPowerShell\v1.0\;C:\WINDOWS\System32\OpenSSH\;C:\Users\izzel\.dotnet\;C:\Program Files\CMake\bin;C:\Users\izzel\apache-maven-3.9.0-bin\apache-maven-3.9.0\bin;C:\Users\izzel\AppData\Roaming\Python\Python311\Scripts;C:\Program Files\nodejs\;C:\Program Files\dotnet\;C:\Program Files\Go\bin;C:\Program Files\Amazon\AWSCLIV2\;C:\Program Files\Git\cmd;C:\Program Files\LLVM\bin;C:\Program Files\Vagrant\bin;C:\Program Files\Tailscale\;C:\Program Files\PowerToys\DSCModules\;C:\Users\izzel\AppData\Local\Programs\Python\Python311\Scripts\;C:\Users\izzel\AppData\Local\Programs\Python\Python311\;C:\Users\izzel\.cargo\bin;C:\Users\izzel\AppData\Local\Microsoft\WindowsApps;C:\Users\izzel\AppData\Local\JetBrains\Toolbox\scripts;C:\Users\izzel\AppData\Local\Microsoft\WindowsApps;C:\Users\izzel\AppData\Local\Programs\Microsoft VS Code\bin;C:\Program Files\qemu;C:\Users\izzel\AppData\Roaming\npm;C:\Users\izzel\.dotnet\tools;C:\Users\izzel\zola;C:\Users\izzel\go\bin;C:\Users\izzel\AppData\Local\Programs\MiKTeX\miktex\bin\x64\;C:\Users\izzel\AppData\Local\Microsoft\WinGet\Links
USERNAME=izzel
OS=Windows_NT
PROCESSOR_IDENTIFIER=AMD64 Family 25 Model 80 Stepping 0, AuthenticAMD
TMP=C:\Users\izzel\AppData\Local\Temp
TEMP=C:\Users\izzel\AppData\Local\Temp




Periodic native trim disabled

---------------  S Y S T E M  ---------------

OS:
 Windows 11 , 64 bit Build 26100 (10.0.26100.7872)
OS uptime: 8 days 5:33 hours
Hyper-V role detected

CPU: total 16 (initial active 16) (16 cores per cpu, 2 threads per core) family 25 model 80 stepping 0 microcode 0xa50000c, cx8, cmov, fxsr, ht, mmx, 3dnowpref, sse, sse2, sse3, ssse3, sse4a, sse4.1, sse4.2, popcnt, lzcnt, tsc, tscinvbit, avx, avx2, aes, erms, clmul, bmi1, bmi2, adx, sha, fma, vzeroupper, clflush, clflushopt, hv, rdtscp, rdpid, fsrm, f16c, cet_ss
Processor Information for all 16 processors :
  Max Mhz: 2000, Current Mhz: 2000, Mhz Limit: 2000

Memory: 4k page, system-wide physical 14181M (693M free)
TotalPageFile size 30698M (AvailPageFile size 0M)
current process WorkingSet (physical memory assigned to process): 59M, peak: 59M
current process commit charge ("private bytes"): 162M, peak: 162M

vm_info: OpenJDK 64-Bit Server VM (21.0.1+12-29) for windows-amd64 JRE (21.0.1+12-29), built on 2023-10-05T13:27:09Z by "mach5one" with MS VC++ 17.1 (VS2022)

END.
